py : Creating test 
database for alias 
'default' 
('test_djangtest')...
At line:1 char:1
+ py manage.py test 
products -v2 2>&1 > 
test_output.txt
+ ~~~~~~~~~~~~~~~~~~~~~
~~~~~~~~~~~~~~~~~~~~~~~
~~~~~~~~~
    + CategoryInfo     
         : NotSpecifi  
  ed: (Creating test   
  d..._djangtest').    
..:String) [], Rem    
oteException
    + FullyQualifiedEr 
   rorId : NativeComm  
  andError
 

Found 6 test(s).
Operations to perform:
  Synchronize unmigrated apps: messages, staticfiles
  Apply all migrations: admin, auth, contenttypes, products, sessions
Synchronizing apps without migrations:
  Creating tables...
    Running deferred SQL...
Running migrations:
  Applying contenttypes.0001_initial... OK
  Applying auth.0001_initial... OK
  Applying admin.0001_initial... OK
  Applying admin.0002_logentry_remove_auto_add... OK
  Applying admin.0003_logentry_add_action_flag_choices... OK
  Applying contenttypes.0002_remove_content_type_name... OK
  Applying auth.0002_alter_permission_name_max_length... OK
  Applying auth.0003_alter_user_email_max_length... OK
  Applying auth.0004_alter_user_username_opts... OK
  Applying auth.0005_alter_user_last_login_null... OK
  Applying auth.0006_require_contenttypes_0002... OK
  Applying auth.0007_alter_validators_add_error_messages... OK
  Applying auth.0008_alter_user_username_max_length... OK
  Applying auth.0009_alter_user_last_name_max_length... OK
  Applying auth.0010_alter_group_name_max_length... OK
  Applying auth.0011_update_proxy_permissions... OK
  Applying auth.0012_alter_user_first_name_max_length... OK
  Applying products.0001_initial... OK
  Applying products.0002_cameratype... OK
  Applying products.0003_ledtype_requirement_viewphoto_documentationrequest... OK
  Applying products.0004_remove_documentationrequest_email_and_more... OK
  Applying products.0005_delete_product... OK
  Applying products.0006_documentationrequest_status... OK
  Applying products.0007_brandmateri_lokasi_data_migration... OK
  Applying products.0008_dokumentator_alter_documentationrequest_brand_materi_and_more... OK
  Applying products.0009_edithistory... OK
  Applying products.0010_namaperangkat_inventoryitem_maintenancerequest... OK
  Applying products.0011_alter_maintenancerequest_foto_kerusakan... OK
  Applying products.0012_maintenancerequest_pelaksana... OK
  Applying products.0013_documentationrequest_jenis_lokasi_and_more... OK
  Applying products.0014_documentationrequestlokasiassignment_and_more... OK
  Applying products.0015_auto_set_jenis_lokasi_from_lokasi_count... OK
  Applying products.0016_remove_documentationrequest_jenis_lokasi... OK
  Applying products.0017_jadwaltayang_jadwaltayangbuktiplaylist_and_more... OK
test_admin_can_assign_p
elaksana_per_location (
products.tests.Document
ationRequestMultiLokasi
Tests.test_admin_can_as
sign_pelaksana_per_loca
tion) ... ok
test_create_view_splits
_selected_locations_int
o_multiple_requests (pr
oducts.tests.Documentat
ionRequestMultiLokasiTe
sts.test_create_view_sp
lits_selected_locations
_into_multiple_requests
) ... ERROR
test_dashboard_list_and
_detail_pages_render_wi
th_multi_lokasi (produc
ts.tests.DocumentationR
equestMultiLokasiTests.
test_dashboard_list_and
_detail_pages_render_wi
th_multi_lokasi) ... 
ERROR
test_detail_page_shows_
assignment_per_location
 (products.tests.Docume
ntationRequestMultiLoka
siTests.test_detail_pag
e_shows_assignment_per_
location) ... ERROR
test_form_valid_with_mu
ltiple_selected_locatio
ns (products.tests.Docu
mentationRequestMultiLo
kasiTests.test_form_val
id_with_multiple_select
ed_locations) ... ok
test_lokasi_assignments
_created_when_locations
_are_set (products.test
s.DocumentationRequestM
ultiLokasiTests.test_lo
kasi_assignments_create
d_when_locations_are_se
t) ... ok

=======================
=======================
=======================
=
ERROR: test_create_view
_splits_selected_locati
ons_into_multiple_reque
sts (products.tests.Doc
umentationRequestMultiL
okasiTests.test_create_
view_splits_selected_lo
cations_into_multiple_r
equests)
-----------------------
-----------------------
-----------------------
-
Traceback (most recent 
call last):
  File "C:\Users\itdep\
AppData\Local\Programs\
Python\Python311\Lib\si
te-packages\django\temp
late\base.py", line 
511, in parse
    compile_func = 
self.tags[command]
                   
~~~~~~~~~^^^^^^^^^
KeyError: 'endif'

During handling of the 
above exception, 
another exception 
occurred:

Traceback (most recent 
call last):
  File "D:\code\django_
its\djangtest\products\
tests.py", line 95, in 
test_create_view_splits
_selected_locations_int
o_multiple_requests
    self.assertRedirect
s(response, reverse("do
c_request_list"))
  File "C:\Users\itdep\
AppData\Local\Programs\
Python\Python311\Lib\si
te-packages\django\test
\testcases.py", line 
519, in assertRedirects
    redirect_response 
= response.client.get(
                       
 ^^^^^^^^^^^^^^^^^^^^
  File "C:\Users\itdep\
AppData\Local\Programs\
Python\Python311\Lib\si
te-packages\django\test
\client.py", line 
1124, in get
    response = 
super().get(
               
^^^^^^^^^^^^
  File "C:\Users\itdep\
AppData\Local\Programs\
Python\Python311\Lib\si
te-packages\django\test
\client.py", line 475, 
in get
    return 
self.generic(
           
^^^^^^^^^^^^^
  File "C:\Users\itdep\
AppData\Local\Programs\
Python\Python311\Lib\si
te-packages\django\test
\client.py", line 671, 
in generic
    return 
self.request(**r)
           
^^^^^^^^^^^^^^^^^
  File "C:\Users\itdep\
AppData\Local\Programs\
Python\Python311\Lib\si
te-packages\django\test
\client.py", line 
1087, in request
    self.check_exceptio
n(response)
  File "C:\Users\itdep\
AppData\Local\Programs\
Python\Python311\Lib\si
te-packages\django\test
\client.py", line 802, 
in check_exception
    raise exc_value
  File "C:\Users\itdep\
AppData\Local\Programs\
Python\Python311\Lib\si
te-packages\django\core
\handlers\exception.py"
, line 55, in inner
    response = 
get_response(request)
               
^^^^^^^^^^^^^^^^^^^^^
  File "C:\Users\itdep\
AppData\Local\Programs\
Python\Python311\Lib\si
te-packages\django\core
\handlers\base.py", 
line 197, in 
_get_response
    response = wrapped_
callback(request, 
*callback_args, 
**callback_kwargs)
               ^^^^^^^^
^^^^^^^^^^^^^^^^^^^^^^^
^^^^^^^^^^^^^^^^^^^^^^^
^^^^^^
  File "C:\Users\itdep\
AppData\Local\Programs\
Python\Python311\Lib\si
te-packages\django\cont
rib\auth\decorators.py"
, line 59, in 
_view_wrapper
    return 
view_func(request, 
*args, **kwargs)
           ^^^^^^^^^^^^
^^^^^^^^^^^^^^^^^^^^^^^
  File "D:\code\django_
its\djangtest\products\
views.py", line 177, 
in doc_request_list
    return 
render(request, "produc
ts/request_list.html", 
{
           ^^^^^^^^^^^^
^^^^^^^^^^^^^^^^^^^^^^^
^^^^^^^^^^^^
  File "C:\Users\itdep\
AppData\Local\Programs\
Python\Python311\Lib\si
te-packages\django\shor
tcuts.py", line 25, in 
render
    content = loader.re
nder_to_string(template
_name, context, 
request, using=using)
              ^^^^^^^^^
^^^^^^^^^^^^^^^^^^^^^^^
^^^^^^^^^^^^^^^^^^^^^^^
^^^^^^^^^^^^^^
  File "C:\Users\itdep\
AppData\Local\Programs\
Python\Python311\Lib\si
te-packages\django\temp
late\loader.py", line 
62, in render_to_string
    return template.ren
der(context, request)
           ^^^^^^^^^^^^
^^^^^^^^^^^^^^^^^^^^^
  File "C:\Users\itdep\
AppData\Local\Programs\
Python\Python311\Lib\si
te-packages\django\temp
late\backends\django.py
", line 107, in render
    return self.templat
e.render(context)
           ^^^^^^^^^^^^
^^^^^^^^^^^^^^^^^
  File "C:\Users\itdep\
AppData\Local\Programs\
Python\Python311\Lib\si
te-packages\django\temp
late\base.py", line 
172, in render
    return 
self._render(context)
           
^^^^^^^^^^^^^^^^^^^^^
  File "C:\Users\itdep\
AppData\Local\Programs\
Python\Python311\Lib\si
te-packages\django\test
\utils.py", line 114, 
in instrumented_test_re
nder
    return self.nodelis
t.render(context)
           ^^^^^^^^^^^^
^^^^^^^^^^^^^^^^^
  File "C:\Users\itdep\
AppData\Local\Programs\
Python\Python311\Lib\si
te-packages\django\temp
late\base.py", line 
1018, in render
    return SafeString("
".join([node.render_ann
otated(context) for 
node in self]))
                       
       ^^^^^^^^^^^^^^^^
^^^^^^^^^^^^^^^^^^^^^^^
^^^^^^^^^^
  File "C:\Users\itdep\
AppData\Local\Programs\
Python\Python311\Lib\si
te-packages\django\temp
late\base.py", line 
1018, in <listcomp>
    return SafeString("
".join([node.render_ann
otated(context) for 
node in self]))
                       
        ^^^^^^^^^^^^^^^
^^^^^^^^^^^^^^^
  File "C:\Users\itdep\
AppData\Local\Programs\
Python\Python311\Lib\si
te-packages\django\temp
late\base.py", line 
979, in 
render_annotated
    return 
self.render(context)
           
^^^^^^^^^^^^^^^^^^^^
  File "C:\Users\itdep\
AppData\Local\Programs\
Python\Python311\Lib\si
te-packages\django\temp
late\loader_tags.py", 
line 159, in render
    return compiled_par
ent._render(context)
           ^^^^^^^^^^^^
^^^^^^^^^^^^^^^^^^^^
  File "C:\Users\itdep\
AppData\Local\Programs\
Python\Python311\Lib\si
te-packages\django\test
\utils.py", line 114, 
in instrumented_test_re
nder
    return self.nodelis
t.render(context)
           ^^^^^^^^^^^^
^^^^^^^^^^^^^^^^^
  File "C:\Users\itdep\
AppData\Local\Programs\
Python\Python311\Lib\si
te-packages\django\temp
late\base.py", line 
1018, in render
    return SafeString("
".join([node.render_ann
otated(context) for 
node in self]))
                       
       ^^^^^^^^^^^^^^^^
^^^^^^^^^^^^^^^^^^^^^^^
^^^^^^^^^^
  File "C:\Users\itdep\
AppData\Local\Programs\
Python\Python311\Lib\si
te-packages\django\temp
late\base.py", line 
1018, in <listcomp>
    return SafeString("
".join([node.render_ann
otated(context) for 
node in self]))
                       
        ^^^^^^^^^^^^^^^
^^^^^^^^^^^^^^^
  File "C:\Users\itdep\
AppData\Local\Programs\
Python\Python311\Lib\si
te-packages\django\temp
late\base.py", line 
979, in 
render_annotated
    return 
self.render(context)
           
^^^^^^^^^^^^^^^^^^^^
  File "C:\Users\itdep\
AppData\Local\Programs\
Python\Python311\Lib\si
te-packages\django\temp
late\loader_tags.py", 
line 199, in render
    template = context.
template.engine.select_
template(template_name)
               ^^^^^^^^
^^^^^^^^^^^^^^^^^^^^^^^
^^^^^^^^^^^^^^^^^^^^^^^
  File "C:\Users\itdep\
AppData\Local\Programs\
Python\Python311\Lib\si
te-packages\django\temp
late\engine.py", line 
208, in select_template
    return self.get_tem
plate(template_name)
           ^^^^^^^^^^^^
^^^^^^^^^^^^^^^^^^^^
  File "C:\Users\itdep\
AppData\Local\Programs\
Python\Python311\Lib\si
te-packages\django\temp
late\engine.py", line 
177, in get_template
    template, origin = 
self.find_template(temp
late_name)
                       
^^^^^^^^^^^^^^^^^^^^^^^
^^^^^^^^^^
  File "C:\Users\itdep\
AppData\Local\Programs\
Python\Python311\Lib\si
te-packages\django\temp
late\engine.py", line 
159, in find_template
    template = loader.g
et_template(name, 
skip=skip)
               ^^^^^^^^
^^^^^^^^^^^^^^^^^^^^^^^
^^^^^
  File "C:\Users\itdep\
AppData\Local\Programs\
Python\Python311\Lib\si
te-packages\django\temp
late\loaders\cached.py"
, line 57, in 
get_template
    template = super().
get_template(template_n
ame, skip)
               ^^^^^^^^
^^^^^^^^^^^^^^^^^^^^^^^
^^^^^^^^^^
  File "C:\Users\itdep\
AppData\Local\Programs\
Python\Python311\Lib\si
te-packages\django\temp
late\loaders\base.py", 
line 28, in 
get_template
    return Template(
           ^^^^^^^^^
  File "C:\Users\itdep\
AppData\Local\Programs\
Python\Python311\Lib\si
te-packages\django\temp
late\base.py", line 
155, in __init__
    self.nodelist = 
self.compile_nodelist()
                    
^^^^^^^^^^^^^^^^^^^^^^^
  File "C:\Users\itdep\
AppData\Local\Programs\
Python\Python311\Lib\si
te-packages\django\temp
late\base.py", line 
197, in 
compile_nodelist
    nodelist = 
parser.parse()
               
^^^^^^^^^^^^^^
  File "C:\Users\itdep\
AppData\Local\Programs\
Python\Python311\Lib\si
te-packages\django\temp
late\base.py", line 
513, in parse
    self.invalid_block_
tag(token, command, 
parse_until)
  File "C:\Users\itdep\
AppData\Local\Programs\
Python\Python311\Lib\si
te-packages\django\temp
late\base.py", line 
578, in 
invalid_block_tag
    raise self.error(
django.template.excepti
ons.TemplateSyntaxError
: Invalid block tag on 
line 99: 'endif'. Did 
you forget to register 
or load this tag?

=======================
=======================
=======================
=
ERROR: test_dashboard_l
ist_and_detail_pages_re
nder_with_multi_lokasi 
(products.tests.Documen
tationRequestMultiLokas
iTests.test_dashboard_l
ist_and_detail_pages_re
nder_with_multi_lokasi)
-----------------------
-----------------------
-----------------------
-
Traceback (most recent 
call last):
  File "C:\Users\itdep\
AppData\Local\Programs\
Python\Python311\Lib\si
te-packages\django\temp
late\base.py", line 
511, in parse
    compile_func = 
self.tags[command]
                   
~~~~~~~~~^^^^^^^^^
KeyError: 'endif'

During handling of the 
above exception, 
another exception 
occurred:

Traceback (most recent 
call last):
  File "D:\code\django_
its\djangtest\products\
tests.py", line 109, 
in test_dashboard_list_
and_detail_pages_render
_with_multi_lokasi
    dashboard_response 
= self.client.get(rever
se("dashboard"))
                       
  ^^^^^^^^^^^^^^^^^^^^^
^^^^^^^^^^^^^^^^
  File "C:\Users\itdep\
AppData\Local\Programs\
Python\Python311\Lib\si
te-packages\django\test
\client.py", line 
1124, in get
    response = 
super().get(
               
^^^^^^^^^^^^
  File "C:\Users\itdep\
AppData\Local\Programs\
Python\Python311\Lib\si
te-packages\django\test
\client.py", line 475, 
in get
    return 
self.generic(
           
^^^^^^^^^^^^^
  File "C:\Users\itdep\
AppData\Local\Programs\
Python\Python311\Lib\si
te-packages\django\test
\client.py", line 671, 
in generic
    return 
self.request(**r)
           
^^^^^^^^^^^^^^^^^
  File "C:\Users\itdep\
AppData\Local\Programs\
Python\Python311\Lib\si
te-packages\django\test
\client.py", line 
1087, in request
    self.check_exceptio
n(response)
  File "C:\Users\itdep\
AppData\Local\Programs\
Python\Python311\Lib\si
te-packages\django\test
\client.py", line 802, 
in check_exception
    raise exc_value
  File "C:\Users\itdep\
AppData\Local\Programs\
Python\Python311\Lib\si
te-packages\django\core
\handlers\exception.py"
, line 55, in inner
    response = 
get_response(request)
               
^^^^^^^^^^^^^^^^^^^^^
  File "C:\Users\itdep\
AppData\Local\Programs\
Python\Python311\Lib\si
te-packages\django\core
\handlers\base.py", 
line 197, in 
_get_response
    response = wrapped_
callback(request, 
*callback_args, 
**callback_kwargs)
               ^^^^^^^^
^^^^^^^^^^^^^^^^^^^^^^^
^^^^^^^^^^^^^^^^^^^^^^^
^^^^^^
  File "C:\Users\itdep\
AppData\Local\Programs\
Python\Python311\Lib\si
te-packages\django\cont
rib\auth\decorators.py"
, line 59, in 
_view_wrapper
    return 
view_func(request, 
*args, **kwargs)
           ^^^^^^^^^^^^
^^^^^^^^^^^^^^^^^^^^^^^
  File "D:\code\django_
its\djangtest\products\
views.py", line 130, 
in dashboard
    return 
render(request, "produc
ts/dashboard.html", {
           ^^^^^^^^^^^^
^^^^^^^^^^^^^^^^^^^^^^^
^^^^^^^^^
  File "C:\Users\itdep\
AppData\Local\Programs\
Python\Python311\Lib\si
te-packages\django\shor
tcuts.py", line 25, in 
render
    content = loader.re
nder_to_string(template
_name, context, 
request, using=using)
              ^^^^^^^^^
^^^^^^^^^^^^^^^^^^^^^^^
^^^^^^^^^^^^^^^^^^^^^^^
^^^^^^^^^^^^^^
  File "C:\Users\itdep\
AppData\Local\Programs\
Python\Python311\Lib\si
te-packages\django\temp
late\loader.py", line 
62, in render_to_string
    return template.ren
der(context, request)
           ^^^^^^^^^^^^
^^^^^^^^^^^^^^^^^^^^^
  File "C:\Users\itdep\
AppData\Local\Programs\
Python\Python311\Lib\si
te-packages\django\temp
late\backends\django.py
", line 107, in render
    return self.templat
e.render(context)
           ^^^^^^^^^^^^
^^^^^^^^^^^^^^^^^
  File "C:\Users\itdep\
AppData\Local\Programs\
Python\Python311\Lib\si
te-packages\django\temp
late\base.py", line 
172, in render
    return 
self._render(context)
           
^^^^^^^^^^^^^^^^^^^^^
  File "C:\Users\itdep\
AppData\Local\Programs\
Python\Python311\Lib\si
te-packages\django\test
\utils.py", line 114, 
in instrumented_test_re
nder
    return self.nodelis
t.render(context)
           ^^^^^^^^^^^^
^^^^^^^^^^^^^^^^^
  File "C:\Users\itdep\
AppData\Local\Programs\
Python\Python311\Lib\si
te-packages\django\temp
late\base.py", line 
1018, in render
    return SafeString("
".join([node.render_ann
otated(context) for 
node in self]))
                       
       ^^^^^^^^^^^^^^^^
^^^^^^^^^^^^^^^^^^^^^^^
^^^^^^^^^^
  File "C:\Users\itdep\
AppData\Local\Programs\
Python\Python311\Lib\si
te-packages\django\temp
late\base.py", line 
1018, in <listcomp>
    return SafeString("
".join([node.render_ann
otated(context) for 
node in self]))
                       
        ^^^^^^^^^^^^^^^
^^^^^^^^^^^^^^^
  File "C:\Users\itdep\
AppData\Local\Programs\
Python\Python311\Lib\si
te-packages\django\temp
late\base.py", line 
979, in 
render_annotated
    return 
self.render(context)
           
^^^^^^^^^^^^^^^^^^^^
  File "C:\Users\itdep\
AppData\Local\Programs\
Python\Python311\Lib\si
te-packages\django\temp
late\loader_tags.py", 
line 159, in render
    return compiled_par
ent._render(context)
           ^^^^^^^^^^^^
^^^^^^^^^^^^^^^^^^^^
  File "C:\Users\itdep\
AppData\Local\Programs\
Python\Python311\Lib\si
te-packages\django\test
\utils.py", line 114, 
in instrumented_test_re
nder
    return self.nodelis
t.render(context)
           ^^^^^^^^^^^^
^^^^^^^^^^^^^^^^^
  File "C:\Users\itdep\
AppData\Local\Programs\
Python\Python311\Lib\si
te-packages\django\temp
late\base.py", line 
1018, in render
    return SafeString("
".join([node.render_ann
otated(context) for 
node in self]))
                       
       ^^^^^^^^^^^^^^^^
^^^^^^^^^^^^^^^^^^^^^^^
^^^^^^^^^^
  File "C:\Users\itdep\
AppData\Local\Programs\
Python\Python311\Lib\si
te-packages\django\temp
late\base.py", line 
1018, in <listcomp>
    return SafeString("
".join([node.render_ann
otated(context) for 
node in self]))
                       
        ^^^^^^^^^^^^^^^
^^^^^^^^^^^^^^^
  File "C:\Users\itdep\
AppData\Local\Programs\
Python\Python311\Lib\si
te-packages\django\temp
late\base.py", line 
979, in 
render_annotated
    return 
self.render(context)
           
^^^^^^^^^^^^^^^^^^^^
  File "C:\Users\itdep\
AppData\Local\Programs\
Python\Python311\Lib\si
te-packages\django\temp
late\loader_tags.py", 
line 199, in render
    template = context.
template.engine.select_
template(template_name)
               ^^^^^^^^
^^^^^^^^^^^^^^^^^^^^^^^
^^^^^^^^^^^^^^^^^^^^^^^
  File "C:\Users\itdep\
AppData\Local\Programs\
Python\Python311\Lib\si
te-packages\django\temp
late\engine.py", line 
208, in select_template
    return self.get_tem
plate(template_name)
           ^^^^^^^^^^^^
^^^^^^^^^^^^^^^^^^^^
  File "C:\Users\itdep\
AppData\Local\Programs\
Python\Python311\Lib\si
te-packages\django\temp
late\engine.py", line 
177, in get_template
    template, origin = 
self.find_template(temp
late_name)
                       
^^^^^^^^^^^^^^^^^^^^^^^
^^^^^^^^^^
  File "C:\Users\itdep\
AppData\Local\Programs\
Python\Python311\Lib\si
te-packages\django\temp
late\engine.py", line 
159, in find_template
    template = loader.g
et_template(name, 
skip=skip)
               ^^^^^^^^
^^^^^^^^^^^^^^^^^^^^^^^
^^^^^
  File "C:\Users\itdep\
AppData\Local\Programs\
Python\Python311\Lib\si
te-packages\django\temp
late\loaders\cached.py"
, line 57, in 
get_template
    template = super().
get_template(template_n
ame, skip)
               ^^^^^^^^
^^^^^^^^^^^^^^^^^^^^^^^
^^^^^^^^^^
  File "C:\Users\itdep\
AppData\Local\Programs\
Python\Python311\Lib\si
te-packages\django\temp
late\loaders\base.py", 
line 28, in 
get_template
    return Template(
           ^^^^^^^^^
  File "C:\Users\itdep\
AppData\Local\Programs\
Python\Python311\Lib\si
te-packages\django\temp
late\base.py", line 
155, in __init__
    self.nodelist = 
self.compile_nodelist()
                    
^^^^^^^^^^^^^^^^^^^^^^^
  File "C:\Users\itdep\
AppData\Local\Programs\
Python\Python311\Lib\si
te-packages\django\temp
late\base.py", line 
197, in 
compile_nodelist
    nodelist = 
parser.parse()
               
^^^^^^^^^^^^^^
  File "C:\Users\itdep\
AppData\Local\Programs\
Python\Python311\Lib\si
te-packages\django\temp
late\base.py", line 
513, in parse
    self.invalid_block_
tag(token, command, 
parse_until)
  File "C:\Users\itdep\
AppData\Local\Programs\
Python\Python311\Lib\si
te-packages\django\temp
late\base.py", line 
578, in 
invalid_block_tag
    raise self.error(
django.template.excepti
ons.TemplateSyntaxError
: Invalid block tag on 
line 99: 'endif'. Did 
you forget to register 
or load this tag?

=======================
=======================
=======================
=
ERROR: test_detail_page
_shows_assignment_per_l
ocation (products.tests
.DocumentationRequestMu
ltiLokasiTests.test_det
ail_page_shows_assignme
nt_per_location)
-----------------------
-----------------------
-----------------------
-
Traceback (most recent 
call last):
  File "C:\Users\itdep\
AppData\Local\Programs\
Python\Python311\Lib\si
te-packages\django\temp
late\base.py", line 
511, in parse
    compile_func = 
self.tags[command]
                   
~~~~~~~~~^^^^^^^^^
KeyError: 'endif'

During handling of the 
above exception, 
another exception 
occurred:

Traceback (most recent 
call last):
  File "D:\code\django_
its\djangtest\products\
tests.py", line 161, 
in test_detail_page_sho
ws_assignment_per_locat
ion
    response = self.cli
ent.get(reverse("doc_re
quest_detail", 
args=[doc_request.pk]))
               ^^^^^^^^
^^^^^^^^^^^^^^^^^^^^^^^
^^^^^^^^^^^^^^^^^^^^^^^
^^^^^^^^^^^^^^^
  File "C:\Users\itdep\
AppData\Local\Programs\
Python\Python311\Lib\si
te-packages\django\test
\client.py", line 
1124, in get
    response = 
super().get(
               
^^^^^^^^^^^^
  File "C:\Users\itdep\
AppData\Local\Programs\
Python\Python311\Lib\si
te-packages\django\test
\client.py", line 475, 
in get
    return 
self.generic(
           
^^^^^^^^^^^^^
  File "C:\Users\itdep\
AppData\Local\Programs\
Python\Python311\Lib\si
te-packages\django\test
\client.py", line 671, 
in generic
    return 
self.request(**r)
           
^^^^^^^^^^^^^^^^^
  File "C:\Users\itdep\
AppData\Local\Programs\
Python\Python311\Lib\si
te-packages\django\test
\client.py", line 
1087, in request
    self.check_exceptio
n(response)
  File "C:\Users\itdep\
AppData\Local\Programs\
Python\Python311\Lib\si
te-packages\django\test
\client.py", line 802, 
in check_exception
    raise exc_value
  File "C:\Users\itdep\
AppData\Local\Programs\
Python\Python311\Lib\si
te-packages\django\core
\handlers\exception.py"
, line 55, in inner
    response = 
get_response(request)
               
^^^^^^^^^^^^^^^^^^^^^
  File "C:\Users\itdep\
AppData\Local\Programs\
Python\Python311\Lib\si
te-packages\django\core
\handlers\base.py", 
line 197, in 
_get_response
    response = wrapped_
callback(request, 
*callback_args, 
**callback_kwargs)
               ^^^^^^^^
^^^^^^^^^^^^^^^^^^^^^^^
^^^^^^^^^^^^^^^^^^^^^^^
^^^^^^
  File "C:\Users\itdep\
AppData\Local\Programs\
Python\Python311\Lib\si
te-packages\django\cont
rib\auth\decorators.py"
, line 59, in 
_view_wrapper
    return 
view_func(request, 
*args, **kwargs)
           ^^^^^^^^^^^^
^^^^^^^^^^^^^^^^^^^^^^^
  File "D:\code\django_
its\djangtest\products\
views.py", line 234, 
in doc_request_detail
    return 
render(request, "produc
ts/request_detail.html"
, {"request": 
doc_request})
           ^^^^^^^^^^^^
^^^^^^^^^^^^^^^^^^^^^^^
^^^^^^^^^^^^^^^^^^^^^^^
^^^^^^^^^^^^^^^
  File "C:\Users\itdep\
AppData\Local\Programs\
Python\Python311\Lib\si
te-packages\django\shor
tcuts.py", line 25, in 
render
    content = loader.re
nder_to_string(template
_name, context, 
request, using=using)
              ^^^^^^^^^
^^^^^^^^^^^^^^^^^^^^^^^
^^^^^^^^^^^^^^^^^^^^^^^
^^^^^^^^^^^^^^
  File "C:\Users\itdep\
AppData\Local\Programs\
Python\Python311\Lib\si
te-packages\django\temp
late\loader.py", line 
62, in render_to_string
    return template.ren
der(context, request)
           ^^^^^^^^^^^^
^^^^^^^^^^^^^^^^^^^^^
  File "C:\Users\itdep\
AppData\Local\Programs\
Python\Python311\Lib\si
te-packages\django\temp
late\backends\django.py
", line 107, in render
    return self.templat
e.render(context)
           ^^^^^^^^^^^^
^^^^^^^^^^^^^^^^^
  File "C:\Users\itdep\
AppData\Local\Programs\
Python\Python311\Lib\si
te-packages\django\temp
late\base.py", line 
172, in render
    return 
self._render(context)
           
^^^^^^^^^^^^^^^^^^^^^
  File "C:\Users\itdep\
AppData\Local\Programs\
Python\Python311\Lib\si
te-packages\django\test
\utils.py", line 114, 
in instrumented_test_re
nder
    return self.nodelis
t.render(context)
           ^^^^^^^^^^^^
^^^^^^^^^^^^^^^^^
  File "C:\Users\itdep\
AppData\Local\Programs\
Python\Python311\Lib\si
te-packages\django\temp
late\base.py", line 
1018, in render
    return SafeString("
".join([node.render_ann
otated(context) for 
node in self]))
                       
       ^^^^^^^^^^^^^^^^
^^^^^^^^^^^^^^^^^^^^^^^
^^^^^^^^^^
  File "C:\Users\itdep\
AppData\Local\Programs\
Python\Python311\Lib\si
te-packages\django\temp
late\base.py", line 
1018, in <listcomp>
    return SafeString("
".join([node.render_ann
otated(context) for 
node in self]))
                       
        ^^^^^^^^^^^^^^^
^^^^^^^^^^^^^^^
  File "C:\Users\itdep\
AppData\Local\Programs\
Python\Python311\Lib\si
te-packages\django\temp
late\base.py", line 
979, in 
render_annotated
    return 
self.render(context)
           
^^^^^^^^^^^^^^^^^^^^
  File "C:\Users\itdep\
AppData\Local\Programs\
Python\Python311\Lib\si
te-packages\django\temp
late\loader_tags.py", 
line 159, in render
    return compiled_par
ent._render(context)
           ^^^^^^^^^^^^
^^^^^^^^^^^^^^^^^^^^
  File "C:\Users\itdep\
AppData\Local\Programs\
Python\Python311\Lib\si
te-packages\django\test
\utils.py", line 114, 
in instrumented_test_re
nder
    return self.nodelis
t.render(context)
           ^^^^^^^^^^^^
^^^^^^^^^^^^^^^^^
  File "C:\Users\itdep\
AppData\Local\Programs\
Python\Python311\Lib\si
te-packages\django\temp
late\base.py", line 
1018, in render
    return SafeString("
".join([node.render_ann
otated(context) for 
node in self]))
                       
       ^^^^^^^^^^^^^^^^
^^^^^^^^^^^^^^^^^^^^^^^
^^^^^^^^^^
  File "C:\Users\itdep\
AppData\Local\Programs\
Python\Python311\Lib\si
te-packages\django\temp
late\base.py", line 
1018, in <listcomp>
    return SafeString("
".join([node.render_ann
otated(context) for 
node in self]))
                       
        ^^^^^^^^^^^^^^^
^^^^^^^^^^^^^^^
  File "C:\Users\itdep\
AppData\Local\Programs\
Python\Python311\Lib\si
te-packages\django\temp
late\base.py", line 
979, in 
render_annotated
    return 
self.render(context)
           
^^^^^^^^^^^^^^^^^^^^
  File "C:\Users\itdep\
AppData\Local\Programs\
Python\Python311\Lib\si
te-packages\django\temp
late\loader_tags.py", 
line 199, in render
    template = context.
template.engine.select_
template(template_name)
               ^^^^^^^^
^^^^^^^^^^^^^^^^^^^^^^^
^^^^^^^^^^^^^^^^^^^^^^^
  File "C:\Users\itdep\
AppData\Local\Programs\
Python\Python311\Lib\si
te-packages\django\temp
late\engine.py", line 
208, in select_template
    return self.get_tem
plate(template_name)
           ^^^^^^^^^^^^
^^^^^^^^^^^^^^^^^^^^
  File "C:\Users\itdep\
AppData\Local\Programs\
Python\Python311\Lib\si
te-packages\django\temp
late\engine.py", line 
177, in get_template
    template, origin = 
self.find_template(temp
late_name)
                       
^^^^^^^^^^^^^^^^^^^^^^^
^^^^^^^^^^
  File "C:\Users\itdep\
AppData\Local\Programs\
Python\Python311\Lib\si
te-packages\django\temp
late\engine.py", line 
159, in find_template
    template = loader.g
et_template(name, 
skip=skip)
               ^^^^^^^^
^^^^^^^^^^^^^^^^^^^^^^^
^^^^^
  File "C:\Users\itdep\
AppData\Local\Programs\
Python\Python311\Lib\si
te-packages\django\temp
late\loaders\cached.py"
, line 57, in 
get_template
    template = super().
get_template(template_n
ame, skip)
               ^^^^^^^^
^^^^^^^^^^^^^^^^^^^^^^^
^^^^^^^^^^
  File "C:\Users\itdep\
AppData\Local\Programs\
Python\Python311\Lib\si
te-packages\django\temp
late\loaders\base.py", 
line 28, in 
get_template
    return Template(
           ^^^^^^^^^
  File "C:\Users\itdep\
AppData\Local\Programs\
Python\Python311\Lib\si
te-packages\django\temp
late\base.py", line 
155, in __init__
    self.nodelist = 
self.compile_nodelist()
                    
^^^^^^^^^^^^^^^^^^^^^^^
  File "C:\Users\itdep\
AppData\Local\Programs\
Python\Python311\Lib\si
te-packages\django\temp
late\base.py", line 
197, in 
compile_nodelist
    nodelist = 
parser.parse()
               
^^^^^^^^^^^^^^
  File "C:\Users\itdep\
AppData\Local\Programs\
Python\Python311\Lib\si
te-packages\django\temp
late\base.py", line 
513, in parse
    self.invalid_block_
tag(token, command, 
parse_until)
  File "C:\Users\itdep\
AppData\Local\Programs\
Python\Python311\Lib\si
te-packages\django\temp
late\base.py", line 
578, in 
invalid_block_tag
    raise self.error(
django.template.excepti
ons.TemplateSyntaxError
: Invalid block tag on 
line 99: 'endif'. Did 
you forget to register 
or load this tag?

-----------------------
-----------------------
-----------------------
-
Ran 6 tests in 2.084s

FAILED (errors=3)
Destroying test 
database for alias 
'default' 
('test_djangtest')...

  Applying sessions.0001_initial... OK
System check identified no issues (0 silenced).
